......................................
......................................
......................................
.....wwwww.........wwwww.....www......
.....wwwww.........wwwww..............
.....w...................................
.....w..................r.................
.....w.....r....................mm........mm . .
.....w..........................mm......mmmm..
.....w................................mmmmm..
.....w.........wwww................mm...mm.
.....w................................m.....
.....w....rr..........................       .  ..
.....w................................   ..    ..     ...
.....w.........rrrrr..................       ..
.....w............................w...         ..
.....w............................w...
.....w.....r............r.........w...
.....w............................w...
.....w............................w...
.....wwwwwwwwwwwwwwwwwwwwwwwwwww..w...  ...           .
..................................w...
..................................w...
.....wwwwwwwwwwwwwwwwwwwwwwwwwwwwww....
..     ....   ....  ... ...   ... .....
.        ..      ..     ..           ..

