........................................................................
........................................................................
........................................................................
........................................................................
........................................................................
........................................................................
........................................................................
........................................................................
........................................................................
...........rrrrrrrrrrrrrrrrrrrrrrrrrrrr.................................
...........r..........................r.................................
...........r.........................mrrrrrrrrrrrrrrrrrrrrrrrrrrrrrrrrrr
...........r.........mmmm...........mmmmmm..............................
...........r................................................m...........
...........r...............................................mmm..........
...........r.........m..........mm....rrrrrrrrrrrrrrrrrrrrrrrrrrrrrrrrrr
...........r........mmm.........mm....r.................................
...........r.........m................r.................................
...........rrrrrrrrrrrrrrrrrrrrrrrrrrrr.................................
........................................................................
........................................................................
........................................................................
........................................................................
........................................................................
........................................................................
........................................................................
........................................................................
