..........................................................................................................
..........................................................................................................
..........................................................................................................
..........................................................................................................
..................................................................rrrrrrr...................................
.....................rrrrrrrrrrrrrrrrrrrr.......................rr.......rr................................
.....................r..................r......................rr.........rr...............................
rrrrrrrrrrrrrrrrrrrrrr........mm........r.....................rr.......m...rr...............................
.............................mmmm.......r....................rr......wmm....rr............................
..............................m.........r....................rr......wmm....rr.............................
........................................rr...................rr........mm...rr............................
rrrrrrrrrrrrrrrrrrrrrr..................wr....................rr...........rr.............................
.....................r..................rr.....................rrmm.......rr...............................
.....................r..................r........................rm......r................................
.....................r..................r.........................r.....r.................................
.....................r..................r.........................r.....r.................................
.....................rrrrrrr......rrrrrrr.........................r.....r.................................
...........................r......r...........................rrrrr....mrrrrrr............................
...........................r......r...........................r........mm....r............................
...........................r......r...........................r..............r............................
...........................r......r...........................r..............r............................
...........................r......r...........................r..............r............................
................rrrrrrrrrrrr......rrrrrrrrrrrrrrrrrrrrrrrrrrrrrm.............r................................
................rw.............................................mmmm..........aar............................
................rw......mm...........mm......................mmmm............r............................
................rrrrr...mrrrrrrrrrrrrrrrrrrrrrrrrrrrrrrrrrrrrrrm.............r.....................................................
....................r....r....................................r..............r............................
....................r....r....................................r..............r............................
....................r....r....................................r..............r............................
.......rrrrrrrrrrrrr.....rrrrrrr..............................r..............r...........................
.......r.......................r..............................rrrrrrrrrrrrrrrr............................
.......r....mmmm...............r..........................................................................
......rr......m................rr.........................................................................
......rw...............m.......wr..........................................................................
......rr............m...mm.....rr.........................................................................
.......r................m......r..........................................................................
.......rrrrrrrrrrrrrrrrrrrrrrrrr...........................................................................
..........................................................................................................
..........................................................................................................
..........................................................................................................