....................................................................
..........................rrrrrrrrrrrrrrrrrrrrr...................
rrrrrrrrrrrrrrrrrrrrrrrrrrr.................mmr.........mmmmmmmm.......
...................................mmmmm.....mr.......mmmmmmmm....
...................................mmmmm.....mr.......mmmmmmmm....
.............mmm...............mmmmmmmmm......r.....mmmmmmmm........
rrrrrrrrrrrrrrrrrrrrrrrrrrrmm....mmmm.........r...................
..........................rrrrrrrrr...rrrrrrrrr....................
..................................r...r.............................
...........m......................r...r.............................
...........mm.m.........mm........r...r.............................
........m..mmmmmm......mmmm.......r...r.............................
......mmm..mmmmmm......mmmm.......r...r.............................
......mmm...mm..........m..rrrrrrrr...rrrrrrrr.....................
......mmm...m..............r.................rmm..................
......mmm...m..............r.................rmm..................
........m..................r......wwwww.....mrmmmm...................
........m..................r......wwwww.....mrmmm....................
...........................r......wwwww...mmmrmm....................
..........................mrmmmm....mmmm.....r......................
..........................mrmmmm....mmmm.....r......................
....................mmm.m.mrrrrrrrrrrrrrrrrrrr......................
........................mm.mmmmmm....................................
....................................................................
....................................................................
....................................................................
....................................................................