...................................................................
...................................................................
......rrrrrrrrrrrrrrrrrrrrrrrrrrrr.................................
......r..........................r.................................
......r..........................rrrrrrrrrrrrrrrrrrrrrrrrrrrrrrrrrr
......r............................................................
......r............................................................
......r............................................................
......r..........................rrrrrrrrrrrrrrrrrrrrrrrrrrrrrrrrrr
......r..........................r.................................
......r..........................r.................................
......rrrrrrrrrrrrrrrrrrrrrrrrrrrr.................................
...................................................................
...................................................................
...................................................................